<html>
<body>
<pre>
<h1>µVision Build Log</h1>
<h2>Tool Versions:</h2>
IDE-Version: µVision V5.16a
Copyright (C) 2015 ARM Ltd and ARM Germany GmbH. All rights reserved.
License Information: WUT ISE ZUISE, PW, LIC=----
 
Tool Versions:
Toolchain:       MDK-Lite  Version: 5.16a
Toolchain Path:  C:\Keil_v5\ARM\ARMCC\Bin
C Compiler:      Armcc.exe V5.06 (build 20)
Assembler:       Armasm.exe V5.06 (build 20)
Linker/Locator:  ArmLink.exe V5.06 (build 20)
Library Manager: ArmAr.exe V5.06 (build 20)
Hex Converter:   FromElf.exe V5.06 (build 20)
CPU DLL:         SARMCM3.DLL V5.16a
Dialog DLL:      DCM.DLL V1.13.2.0
Target DLL:      STLink\ST-LINKIII-KEIL_SWO.dll V2.0.17.0
Dialog DLL:      TCM.DLL V1.14.5.0
 
<h2>Project:</h2>
C:\Users\student\Desktop\lab7wg\MDK-ARM\lab7wg.uvprojx
Project File Date:  06/06/2018

<h2>Output:</h2>
*** Using Compiler 'V5.06 (build 20)', folder: 'C:\Keil_v5\ARM\ARMCC\Bin'
Build target 'lab7wg'
compiling main.c...
../Src/main.c(97): warning:  #167-D: argument of type "uint8_t *" is incompatible with parameter of type "char *restrict"
  				len = sprintf(Databuff, "Czesc %d\n", secCounter);
../Src/main.c(98): warning:  #223-D: function "CDC_Transmit_FS" declared implicitly
  				CDC_Transmit_FS(Databuff, len);
../Src/main.c(146): warning:  #177-D: variable "Databuff" was declared but never referenced
  	uint8_t Databuff[12];
../Src/main.c(147): warning:  #177-D: variable "messageCounter" was declared but never referenced
  	uint8_t messageCounter  = 0;
../Src/main.c(148): warning:  #177-D: variable "len" was declared but never referenced
  	uint8_t len;
../Src/main.c: 5 warnings, 0 errors
linking...
Program Size: Code=16452 RO-data=460 RW-data=376 ZI-data=5992  
FromELF: creating hex file...
"lab7wg\lab7wg.axf" - 0 Error(s), 5 Warning(s).

<h2>Software Packages used:</h2>

Package Vendor: ARM
                http://www.keil.com/pack/ARM.CMSIS.4.4.0.pack
                ARM::CMSIS:CORE:4.2.0
                CMSIS (Cortex Microcontroller Software Interface Standard)
   * Component: CORE Version: 4.2.0

<h2>Collection of Component include folders:</h2>
  C:\Users\student\Desktop\lab7wg\MDK-ARM\RTE
  C:\Keil_v5\ARM\PACK\ARM\CMSIS\4.4.0\CMSIS\Include
  C:\Keil_v5\ARM\PACK\Keil\STM32F4xx_DFP\2.6.0\Drivers\CMSIS\Device\ST\STM32F4xx\Include

<h2>Collection of Component Files used:</h2>

   * Component: ARM::CMSIS:CORE:4.2.0
Build Time Elapsed:  00:00:02
</pre>
</body>
</html>
