Component: ARM Compiler 5.06 (build 20) Tool: armlink [4d35a3]

==============================================================================

Section Cross References

    startup_stm32f411xe.o(RESET) refers to startup_stm32f411xe.o(STACK) for __initial_sp
    startup_stm32f411xe.o(RESET) refers to startup_stm32f411xe.o(.text) for Reset_Handler
    startup_stm32f411xe.o(RESET) refers to stm32f4xx_it.o(.text) for NMI_Handler
    startup_stm32f411xe.o(RESET) refers to main.o(.text) for TIM2_IRQHandler
    startup_stm32f411xe.o(.text) refers to system_stm32f4xx.o(.text) for SystemInit
    startup_stm32f411xe.o(.text) refers to entry.o(.ARM.Collect$$$$00000000) for __main
    stm32f4xx_rcc.o(.text) refers to stm32f4xx_rcc.o(.data) for .data
    stm32f4xx_gpio.o(.text) refers to stm32f4xx_rcc.o(.text) for RCC_AHB1PeriphResetCmd
    stm32f4xx_spi.o(.text) refers to stm32f4xx_rcc.o(.text) for RCC_APB1PeriphResetCmd
    stm32f4xx_tim.o(.text) refers to stm32f4xx_rcc.o(.text) for RCC_APB2PeriphResetCmd
    main.o(.text) refers to stm32f4xx_rcc.o(.text) for RCC_AHB1PeriphClockCmd
    main.o(.text) refers to stm32f4xx_gpio.o(.text) for GPIO_Init
    main.o(.text) refers to stm32f4xx_spi.o(.text) for SPI_Init
    main.o(.text) refers to stm32f4xx_tim.o(.text) for TIM_TimeBaseInit
    main.o(.text) refers to misc.o(.text) for NVIC_Init
    main.o(.text) refers to f2d.o(.text) for __aeabi_f2d
    main.o(.text) refers to sin.o(i.__hardfp_sin) for __hardfp_sin
    main.o(.text) refers to dmul.o(.text) for __aeabi_dmul
    main.o(.text) refers to d2f.o(.text) for __aeabi_d2f
    main.o(.text) refers to main.o(.bss) for .bss
    main.o(.text) refers to main.o(.data) for .data
    system_stm32f4xx.o(.text) refers to system_stm32f4xx.o(.data) for .data
    sin.o(i.__hardfp_sin) refers (Special) to iusefp.o(.text) for __I$use$fp
    sin.o(i.__hardfp_sin) refers to errno.o(i.__set_errno) for __set_errno
    sin.o(i.__hardfp_sin) refers to dunder.o(i.__mathlib_dbl_invalid) for __mathlib_dbl_invalid
    sin.o(i.__hardfp_sin) refers to dunder.o(i.__mathlib_dbl_infnan) for __mathlib_dbl_infnan
    sin.o(i.__hardfp_sin) refers to rred.o(i.__ieee754_rem_pio2) for __ieee754_rem_pio2
    sin.o(i.__hardfp_sin) refers to cos_i.o(i.__kernel_cos) for __kernel_cos
    sin.o(i.__hardfp_sin) refers to sin_i.o(i.__kernel_sin) for __kernel_sin
    sin.o(i.__softfp_sin) refers (Special) to iusefp.o(.text) for __I$use$fp
    sin.o(i.__softfp_sin) refers to sin.o(i.__hardfp_sin) for __hardfp_sin
    sin.o(i.sin) refers (Special) to iusefp.o(.text) for __I$use$fp
    sin.o(i.sin) refers to sin.o(i.__hardfp_sin) for __hardfp_sin
    sin_x.o(i.____hardfp_sin$lsc) refers (Special) to iusefp.o(.text) for __I$use$fp
    sin_x.o(i.____hardfp_sin$lsc) refers to errno.o(i.__set_errno) for __set_errno
    sin_x.o(i.____hardfp_sin$lsc) refers to dunder.o(i.__mathlib_dbl_infnan) for __mathlib_dbl_infnan
    sin_x.o(i.____hardfp_sin$lsc) refers to rred.o(i.__ieee754_rem_pio2) for __ieee754_rem_pio2
    sin_x.o(i.____hardfp_sin$lsc) refers to cos_i.o(i.__kernel_cos) for __kernel_cos
    sin_x.o(i.____hardfp_sin$lsc) refers to sin_i.o(i.__kernel_sin) for __kernel_sin
    sin_x.o(i.____softfp_sin$lsc) refers (Special) to iusefp.o(.text) for __I$use$fp
    sin_x.o(i.____softfp_sin$lsc) refers to sin_x.o(i.____hardfp_sin$lsc) for ____hardfp_sin$lsc
    sin_x.o(i.__sin$lsc) refers (Special) to iusefp.o(.text) for __I$use$fp
    sin_x.o(i.__sin$lsc) refers to sin_x.o(i.____hardfp_sin$lsc) for ____hardfp_sin$lsc
    entry.o(.ARM.Collect$$$$00000000) refers (Special) to entry10a.o(.ARM.Collect$$$$0000000D) for __rt_final_cpp
    entry.o(.ARM.Collect$$$$00000000) refers (Special) to entry11a.o(.ARM.Collect$$$$0000000F) for __rt_final_exit
    entry.o(.ARM.Collect$$$$00000000) refers (Special) to entry7b.o(.ARM.Collect$$$$00000008) for _main_clock
    entry.o(.ARM.Collect$$$$00000000) refers (Special) to entry8b.o(.ARM.Collect$$$$0000000A) for _main_cpp_init
    entry.o(.ARM.Collect$$$$00000000) refers (Special) to entry9a.o(.ARM.Collect$$$$0000000B) for _main_init
    entry.o(.ARM.Collect$$$$00000000) refers (Special) to entry5.o(.ARM.Collect$$$$00000004) for _main_scatterload
    entry.o(.ARM.Collect$$$$00000000) refers (Special) to entry2.o(.ARM.Collect$$$$00000001) for _main_stk
    dmul.o(.text) refers (Special) to iusefp.o(.text) for __I$use$fp
    dmul.o(.text) refers to depilogue.o(.text) for _double_epilogue
    f2d.o(.text) refers (Special) to iusefp.o(.text) for __I$use$fp
    d2f.o(.text) refers (Special) to iusefp.o(.text) for __I$use$fp
    d2f.o(.text) refers to fepilogue.o(.text) for _float_round
    cos_i.o(i.__kernel_cos) refers (Special) to iusefp.o(.text) for __I$use$fp
    cos_i.o(i.__kernel_cos) refers to dfixi.o(.text) for __aeabi_d2iz
    cos_i.o(i.__kernel_cos) refers to dmul.o(.text) for __aeabi_dmul
    cos_i.o(i.__kernel_cos) refers to poly.o(i.__kernel_poly) for __kernel_poly
    cos_i.o(i.__kernel_cos) refers to dadd.o(.text) for __aeabi_dsub
    cos_i.o(i.__kernel_cos) refers to cos_i.o(.constdata) for .constdata
    cos_i.o(.constdata) refers (Special) to iusefp.o(.text) for __I$use$fp
    dunder.o(i.__mathlib_dbl_divzero) refers to ddiv.o(.text) for __aeabi_ddiv
    dunder.o(i.__mathlib_dbl_infnan) refers to dadd.o(.text) for __aeabi_dadd
    dunder.o(i.__mathlib_dbl_infnan2) refers to dadd.o(.text) for __aeabi_dadd
    dunder.o(i.__mathlib_dbl_invalid) refers to ddiv.o(.text) for __aeabi_ddiv
    dunder.o(i.__mathlib_dbl_overflow) refers to dmul.o(.text) for __aeabi_dmul
    dunder.o(i.__mathlib_dbl_posinfnan) refers to dmul.o(.text) for __aeabi_dmul
    dunder.o(i.__mathlib_dbl_underflow) refers to dmul.o(.text) for __aeabi_dmul
    rred.o(i.__ieee754_rem_pio2) refers (Special) to iusefp.o(.text) for __I$use$fp
    rred.o(i.__ieee754_rem_pio2) refers to dadd.o(.text) for __aeabi_dsub
    rred.o(i.__ieee754_rem_pio2) refers to fabs.o(i.fabs) for fabs
    rred.o(i.__ieee754_rem_pio2) refers to dmul.o(.text) for __aeabi_dmul
    rred.o(i.__ieee754_rem_pio2) refers to dfixi.o(.text) for __aeabi_d2iz
    rred.o(i.__ieee754_rem_pio2) refers to dflti.o(.text) for __aeabi_i2d
    rred.o(i.__ieee754_rem_pio2) refers to dfltui.o(.text) for __aeabi_ui2d
    rred.o(i.__ieee754_rem_pio2) refers to rred.o(.constdata) for .constdata
    rred.o(i.__use_accurate_range_reduction) refers (Special) to iusefp.o(.text) for __I$use$fp
    rred.o(.constdata) refers (Special) to iusefp.o(.text) for __I$use$fp
    sin_i.o(i.__kernel_sin) refers (Special) to iusefp.o(.text) for __I$use$fp
    sin_i.o(i.__kernel_sin) refers to fpclassify.o(i.__ARM_fpclassify) for __ARM_fpclassify
    sin_i.o(i.__kernel_sin) refers to dunder.o(i.__mathlib_dbl_underflow) for __mathlib_dbl_underflow
    sin_i.o(i.__kernel_sin) refers to dmul.o(.text) for __aeabi_dmul
    sin_i.o(i.__kernel_sin) refers to poly.o(i.__kernel_poly) for __kernel_poly
    sin_i.o(i.__kernel_sin) refers to dadd.o(.text) for __aeabi_dsub
    sin_i.o(i.__kernel_sin) refers to sin_i.o(.constdata) for .constdata
    sin_i.o(.constdata) refers (Special) to iusefp.o(.text) for __I$use$fp
    sin_i_x.o(i.____kernel_sin$lsc) refers (Special) to iusefp.o(.text) for __I$use$fp
    sin_i_x.o(i.____kernel_sin$lsc) refers to dmul.o(.text) for __aeabi_dmul
    sin_i_x.o(i.____kernel_sin$lsc) refers to poly.o(i.__kernel_poly) for __kernel_poly
    sin_i_x.o(i.____kernel_sin$lsc) refers to dadd.o(.text) for __aeabi_dsub
    sin_i_x.o(i.____kernel_sin$lsc) refers to sin_i_x.o(.constdata) for .constdata
    sin_i_x.o(.constdata) refers (Special) to iusefp.o(.text) for __I$use$fp
    entry2.o(.ARM.Collect$$$$00000001) refers to entry2.o(.ARM.Collect$$$$00002712) for __lit__00000000
    entry2.o(.ARM.Collect$$$$00002712) refers to startup_stm32f411xe.o(STACK) for __initial_sp
    entry2.o(__vectab_stack_and_reset_area) refers to startup_stm32f411xe.o(STACK) for __initial_sp
    entry2.o(__vectab_stack_and_reset_area) refers to entry.o(.ARM.Collect$$$$00000000) for __main
    entry5.o(.ARM.Collect$$$$00000004) refers to init.o(.text) for __scatterload
    entry9a.o(.ARM.Collect$$$$0000000B) refers to main.o(.text) for main
    entry9b.o(.ARM.Collect$$$$0000000C) refers to main.o(.text) for main
    errno.o(i.__aeabi_errno_addr) refers to errno.o(.data) for .data
    errno.o(i.__read_errno) refers to errno.o(.data) for .data
    errno.o(i.__set_errno) refers to errno.o(.data) for .data
    depilogue.o(.text) refers to llshl.o(.text) for __aeabi_llsl
    depilogue.o(.text) refers to llushr.o(.text) for __aeabi_llsr
    fabs.o(i.__hardfp_fabs) refers (Special) to iusefp.o(.text) for __I$use$fp
    fabs.o(i.__softfp_fabs) refers (Special) to iusefp.o(.text) for __I$use$fp
    fabs.o(i.fabs) refers (Special) to iusefp.o(.text) for __I$use$fp
    fpclassify.o(i.__ARM_fpclassify) refers (Special) to iusefp.o(.text) for __I$use$fp
    poly.o(i.__kernel_poly) refers (Special) to iusefp.o(.text) for __I$use$fp
    poly.o(i.__kernel_poly) refers to dmul.o(.text) for __aeabi_dmul
    poly.o(i.__kernel_poly) refers to dadd.o(.text) for __aeabi_dadd
    init.o(.text) refers to entry5.o(.ARM.Collect$$$$00000004) for __main_after_scatterload
    dadd.o(.text) refers to llshl.o(.text) for __aeabi_llsl
    dadd.o(.text) refers to llsshr.o(.text) for __aeabi_lasr
    dadd.o(.text) refers to depilogue.o(.text) for _double_epilogue
    ddiv.o(.text) refers to depilogue.o(.text) for _double_round
    dflti.o(.text) refers to depilogue.o(.text) for _double_epilogue
    dfltui.o(.text) refers to depilogue.o(.text) for _double_epilogue
    dfixi.o(.text) refers to llushr.o(.text) for __aeabi_llsr


==============================================================================

Removing Unused input sections from the image.

    Removing startup_stm32f411xe.o(HEAP), (512 bytes).
    Removing misc.o(.rev16_text), (4 bytes).
    Removing misc.o(.revsh_text), (4 bytes).
    Removing misc.o(.rrx_text), (6 bytes).
    Removing stm32f4xx_rcc.o(.rev16_text), (4 bytes).
    Removing stm32f4xx_rcc.o(.revsh_text), (4 bytes).
    Removing stm32f4xx_rcc.o(.rrx_text), (6 bytes).
    Removing stm32f4xx_gpio.o(.rev16_text), (4 bytes).
    Removing stm32f4xx_gpio.o(.revsh_text), (4 bytes).
    Removing stm32f4xx_gpio.o(.rrx_text), (6 bytes).
    Removing stm32f4xx_spi.o(.rev16_text), (4 bytes).
    Removing stm32f4xx_spi.o(.revsh_text), (4 bytes).
    Removing stm32f4xx_spi.o(.rrx_text), (6 bytes).
    Removing stm32f4xx_tim.o(.rev16_text), (4 bytes).
    Removing stm32f4xx_tim.o(.revsh_text), (4 bytes).
    Removing stm32f4xx_tim.o(.rrx_text), (6 bytes).
    Removing main.o(.rev16_text), (4 bytes).
    Removing main.o(.revsh_text), (4 bytes).
    Removing main.o(.rrx_text), (6 bytes).
    Removing stm32f4xx_it.o(.rev16_text), (4 bytes).
    Removing stm32f4xx_it.o(.revsh_text), (4 bytes).
    Removing stm32f4xx_it.o(.rrx_text), (6 bytes).
    Removing system_stm32f4xx.o(.rev16_text), (4 bytes).
    Removing system_stm32f4xx.o(.revsh_text), (4 bytes).
    Removing system_stm32f4xx.o(.rrx_text), (6 bytes).
    Removing dneg.o(.text), (6 bytes).

26 unused section(s) (total 630 bytes) removed from the image.

==============================================================================

Image Symbol Table

    Local Symbols

    Symbol Name                              Value     Ov Type        Size  Object(Section)

    ../clib/microlib/errno.c                 0x00000000   Number         0  errno.o ABSOLUTE
    ../clib/microlib/init/entry.s            0x00000000   Number         0  entry10a.o ABSOLUTE
    ../clib/microlib/init/entry.s            0x00000000   Number         0  entry.o ABSOLUTE
    ../clib/microlib/init/entry.s            0x00000000   Number         0  entry2.o ABSOLUTE
    ../clib/microlib/init/entry.s            0x00000000   Number         0  entry5.o ABSOLUTE
    ../clib/microlib/init/entry.s            0x00000000   Number         0  entry7a.o ABSOLUTE
    ../clib/microlib/init/entry.s            0x00000000   Number         0  entry8a.o ABSOLUTE
    ../clib/microlib/init/entry.s            0x00000000   Number         0  entry8b.o ABSOLUTE
    ../clib/microlib/init/entry.s            0x00000000   Number         0  entry9a.o ABSOLUTE
    ../clib/microlib/init/entry.s            0x00000000   Number         0  entry7b.o ABSOLUTE
    ../clib/microlib/init/entry.s            0x00000000   Number         0  entry9b.o ABSOLUTE
    ../clib/microlib/init/entry.s            0x00000000   Number         0  entry10b.o ABSOLUTE
    ../clib/microlib/init/entry.s            0x00000000   Number         0  entry11b.o ABSOLUTE
    ../clib/microlib/init/entry.s            0x00000000   Number         0  entry11a.o ABSOLUTE
    ../clib/microlib/longlong.c              0x00000000   Number         0  llsshr.o ABSOLUTE
    ../clib/microlib/longlong.c              0x00000000   Number         0  llushr.o ABSOLUTE
    ../clib/microlib/longlong.c              0x00000000   Number         0  llshl.o ABSOLUTE
    ../clib/microlib/stubs.s                 0x00000000   Number         0  iusefp.o ABSOLUTE
    ../fplib/microlib/d2f.c                  0x00000000   Number         0  d2f.o ABSOLUTE
    ../fplib/microlib/f2d.c                  0x00000000   Number         0  f2d.o ABSOLUTE
    ../fplib/microlib/fpadd.c                0x00000000   Number         0  dadd.o ABSOLUTE
    ../fplib/microlib/fpdiv.c                0x00000000   Number         0  ddiv.o ABSOLUTE
    ../fplib/microlib/fpepilogue.c           0x00000000   Number         0  fepilogue.o ABSOLUTE
    ../fplib/microlib/fpepilogue.c           0x00000000   Number         0  depilogue.o ABSOLUTE
    ../fplib/microlib/fpfix.c                0x00000000   Number         0  dfixi.o ABSOLUTE
    ../fplib/microlib/fpflt.c                0x00000000   Number         0  dflti.o ABSOLUTE
    ../fplib/microlib/fpflt.c                0x00000000   Number         0  dfltui.o ABSOLUTE
    ../fplib/microlib/fpmul.c                0x00000000   Number         0  dmul.o ABSOLUTE
    ../fplib/microlib/fpneg.c                0x00000000   Number         0  dneg.o ABSOLUTE
    ../mathlib/cos_i.c                       0x00000000   Number         0  cos_i.o ABSOLUTE
    ../mathlib/dunder.c                      0x00000000   Number         0  dunder.o ABSOLUTE
    ../mathlib/fabs.c                        0x00000000   Number         0  fabs.o ABSOLUTE
    ../mathlib/fpclassify.c                  0x00000000   Number         0  fpclassify.o ABSOLUTE
    ../mathlib/poly.c                        0x00000000   Number         0  poly.o ABSOLUTE
    ../mathlib/rred.c                        0x00000000   Number         0  rred.o ABSOLUTE
    ../mathlib/sin.c                         0x00000000   Number         0  sin.o ABSOLUTE
    ../mathlib/sin.c                         0x00000000   Number         0  sin_x.o ABSOLUTE
    ../mathlib/sin_i.c                       0x00000000   Number         0  sin_i.o ABSOLUTE
    ../mathlib/sin_i.c                       0x00000000   Number         0  sin_i_x.o ABSOLUTE
    ..\STM32F4xx_STANDARD_PERIPHERAL_DRIVERS\CMSIS\Device\ST\STM32F4xx\Source\Templates\arm\startup_stm32f411xe.s 0x00000000   Number         0  startup_stm32f411xe.o ABSOLUTE
    ..\STM32F4xx_STANDARD_PERIPHERAL_DRIVERS\STM32F4xx_StdPeriph_Driver\src\misc.c 0x00000000   Number         0  misc.o ABSOLUTE
    ..\STM32F4xx_STANDARD_PERIPHERAL_DRIVERS\STM32F4xx_StdPeriph_Driver\src\stm32f4xx_gpio.c 0x00000000   Number         0  stm32f4xx_gpio.o ABSOLUTE
    ..\STM32F4xx_STANDARD_PERIPHERAL_DRIVERS\STM32F4xx_StdPeriph_Driver\src\stm32f4xx_rcc.c 0x00000000   Number         0  stm32f4xx_rcc.o ABSOLUTE
    ..\STM32F4xx_STANDARD_PERIPHERAL_DRIVERS\STM32F4xx_StdPeriph_Driver\src\stm32f4xx_spi.c 0x00000000   Number         0  stm32f4xx_spi.o ABSOLUTE
    ..\STM32F4xx_STANDARD_PERIPHERAL_DRIVERS\STM32F4xx_StdPeriph_Driver\src\stm32f4xx_tim.c 0x00000000   Number         0  stm32f4xx_tim.o ABSOLUTE
    ..\\STM32F4xx_STANDARD_PERIPHERAL_DRIVERS\\STM32F4xx_StdPeriph_Driver\\src\\misc.c 0x00000000   Number         0  misc.o ABSOLUTE
    ..\\STM32F4xx_STANDARD_PERIPHERAL_DRIVERS\\STM32F4xx_StdPeriph_Driver\\src\\stm32f4xx_gpio.c 0x00000000   Number         0  stm32f4xx_gpio.o ABSOLUTE
    ..\\STM32F4xx_STANDARD_PERIPHERAL_DRIVERS\\STM32F4xx_StdPeriph_Driver\\src\\stm32f4xx_rcc.c 0x00000000   Number         0  stm32f4xx_rcc.o ABSOLUTE
    ..\\STM32F4xx_STANDARD_PERIPHERAL_DRIVERS\\STM32F4xx_StdPeriph_Driver\\src\\stm32f4xx_spi.c 0x00000000   Number         0  stm32f4xx_spi.o ABSOLUTE
    ..\\STM32F4xx_STANDARD_PERIPHERAL_DRIVERS\\STM32F4xx_StdPeriph_Driver\\src\\stm32f4xx_tim.c 0x00000000   Number         0  stm32f4xx_tim.o ABSOLUTE
    User\\main.c                             0x00000000   Number         0  main.o ABSOLUTE
    User\\stm32f4xx_it.c                     0x00000000   Number         0  stm32f4xx_it.o ABSOLUTE
    User\\system_stm32f4xx.c                 0x00000000   Number         0  system_stm32f4xx.o ABSOLUTE
    User\main.c                              0x00000000   Number         0  main.o ABSOLUTE
    User\stm32f4xx_it.c                      0x00000000   Number         0  stm32f4xx_it.o ABSOLUTE
    User\system_stm32f4xx.c                  0x00000000   Number         0  system_stm32f4xx.o ABSOLUTE
    dc.s                                     0x00000000   Number         0  dc.o ABSOLUTE
    handlers.s                               0x00000000   Number         0  handlers.o ABSOLUTE
    init.s                                   0x00000000   Number         0  init.o ABSOLUTE
    RESET                                    0x08000000   Section      408  startup_stm32f411xe.o(RESET)
    .ARM.Collect$$$$00000000                 0x08000198   Section        0  entry.o(.ARM.Collect$$$$00000000)
    .ARM.Collect$$$$00000001                 0x08000198   Section        4  entry2.o(.ARM.Collect$$$$00000001)
    .ARM.Collect$$$$00000004                 0x0800019c   Section        4  entry5.o(.ARM.Collect$$$$00000004)
    .ARM.Collect$$$$00000008                 0x080001a0   Section        0  entry7b.o(.ARM.Collect$$$$00000008)
    .ARM.Collect$$$$0000000A                 0x080001a0   Section        0  entry8b.o(.ARM.Collect$$$$0000000A)
    .ARM.Collect$$$$0000000B                 0x080001a0   Section        8  entry9a.o(.ARM.Collect$$$$0000000B)
    .ARM.Collect$$$$0000000D                 0x080001a8   Section        0  entry10a.o(.ARM.Collect$$$$0000000D)
    .ARM.Collect$$$$0000000F                 0x080001a8   Section        0  entry11a.o(.ARM.Collect$$$$0000000F)
    .ARM.Collect$$$$00002712                 0x080001a8   Section        4  entry2.o(.ARM.Collect$$$$00002712)
    __lit__00000000                          0x080001a8   Data           4  entry2.o(.ARM.Collect$$$$00002712)
    .text                                    0x080001ac   Section       36  startup_stm32f411xe.o(.text)
    $v0                                      0x080001ac   Number         0  startup_stm32f411xe.o(.text)
    .text                                    0x080001d0   Section        0  misc.o(.text)
    .text                                    0x08000280   Section        0  stm32f4xx_rcc.o(.text)
    .text                                    0x080006c8   Section        0  stm32f4xx_gpio.o(.text)
    .text                                    0x080008d4   Section        0  stm32f4xx_spi.o(.text)
    .text                                    0x08000c00   Section        0  stm32f4xx_tim.o(.text)
    TI2_Config                               0x0800124b   Thumb Code    54  stm32f4xx_tim.o(.text)
    TI1_Config                               0x080015af   Thumb Code    46  stm32f4xx_tim.o(.text)
    .text                                    0x080015dc   Section        0  main.o(.text)
    .text                                    0x080018d0   Section        0  stm32f4xx_it.o(.text)
    .text                                    0x080018ec   Section        0  system_stm32f4xx.o(.text)
    SetSysClock                              0x0800199d   Thumb Code   158  system_stm32f4xx.o(.text)
    .text                                    0x08001a64   Section        0  dmul.o(.text)
    .text                                    0x08001b48   Section        0  f2d.o(.text)
    .text                                    0x08001b6e   Section        0  d2f.o(.text)
    .text                                    0x08001ba6   Section        0  iusefp.o(.text)
    .text                                    0x08001ba6   Section        0  fepilogue.o(.text)
    .text                                    0x08001c14   Section        0  depilogue.o(.text)
    .text                                    0x08001cd0   Section       36  init.o(.text)
    .text                                    0x08001cf4   Section        0  llshl.o(.text)
    .text                                    0x08001d12   Section        0  llushr.o(.text)
    .text                                    0x08001d32   Section        0  dadd.o(.text)
    .text                                    0x08001e80   Section        0  ddiv.o(.text)
    .text                                    0x08001f5e   Section        0  dflti.o(.text)
    .text                                    0x08001f80   Section        0  dfltui.o(.text)
    .text                                    0x08001f9a   Section        0  dfixi.o(.text)
    .text                                    0x08001fd8   Section        0  llsshr.o(.text)
    i.__ARM_fpclassify                       0x08001ffc   Section        0  fpclassify.o(i.__ARM_fpclassify)
    i.__hardfp_sin                           0x08002030   Section        0  sin.o(i.__hardfp_sin)
    i.__ieee754_rem_pio2                     0x080020f8   Section        0  rred.o(i.__ieee754_rem_pio2)
    i.__kernel_cos                           0x08002530   Section        0  cos_i.o(i.__kernel_cos)
    i.__kernel_poly                          0x080026a0   Section        0  poly.o(i.__kernel_poly)
    i.__kernel_sin                           0x08002798   Section        0  sin_i.o(i.__kernel_sin)
    i.__mathlib_dbl_infnan                   0x080028c8   Section        0  dunder.o(i.__mathlib_dbl_infnan)
    i.__mathlib_dbl_invalid                  0x080028e0   Section        0  dunder.o(i.__mathlib_dbl_invalid)
    i.__mathlib_dbl_underflow                0x08002900   Section        0  dunder.o(i.__mathlib_dbl_underflow)
    i.__scatterload_copy                     0x08002920   Section       14  handlers.o(i.__scatterload_copy)
    i.__scatterload_null                     0x0800292e   Section        2  handlers.o(i.__scatterload_null)
    i.__scatterload_zeroinit                 0x08002930   Section       14  handlers.o(i.__scatterload_zeroinit)
    i.__set_errno                            0x08002940   Section        0  errno.o(i.__set_errno)
    i.fabs                                   0x0800294c   Section        0  fabs.o(i.fabs)
    .constdata                               0x08002968   Section       48  cos_i.o(.constdata)
    C                                        0x08002968   Data          48  cos_i.o(.constdata)
    .constdata                               0x08002998   Section      200  rred.o(.constdata)
    pio2s                                    0x08002998   Data          48  rred.o(.constdata)
    twooverpi                                0x080029c8   Data         152  rred.o(.constdata)
    .constdata                               0x08002a60   Section       40  sin_i.o(.constdata)
    S                                        0x08002a60   Data          40  sin_i.o(.constdata)
    .data                                    0x20000000   Section       16  stm32f4xx_rcc.o(.data)
    APBAHBPrescTable                         0x20000000   Data          16  stm32f4xx_rcc.o(.data)
    .data                                    0x20000010   Section        2  main.o(.data)
    index                                    0x20000010   Data           2  main.o(.data)
    .data                                    0x20000014   Section       20  system_stm32f4xx.o(.data)
    .data                                    0x20000028   Section        4  errno.o(.data)
    _errno                                   0x20000028   Data           4  errno.o(.data)
    .bss                                     0x2000002c   Section     4096  main.o(.bss)
    sin_data                                 0x2000002c   Data        4096  main.o(.bss)
    STACK                                    0x20001030   Section     1024  startup_stm32f411xe.o(STACK)

    Global Symbols

    Symbol Name                              Value     Ov Type        Size  Object(Section)

    BuildAttributes$$THM_ISAv4$E$P$D$K$B$S$7EM$VFPi3$EXTD16$VFPS$VFMA$PE$A:L22UL41UL21$X:L11$S22US41US21$IEEE1$IW$USESV6$~STKCKD$USESV7$~SHL$OTIME$ROPI$IEEEX$EBA8$MICROLIB$REQ8$PRES8$EABIv2 0x00000000   Number         0  anon$$obj.o ABSOLUTE
    __ARM_use_no_argv                        0x00000000   Number         0  main.o ABSOLUTE
    __cpp_initialize__aeabi_                  - Undefined Weak Reference
    __cxa_finalize                            - Undefined Weak Reference
    __decompress                              - Undefined Weak Reference
    _clock_init                               - Undefined Weak Reference
    _microlib_exit                            - Undefined Weak Reference
    __Vectors_Size                           0x00000198   Number         0  startup_stm32f411xe.o ABSOLUTE
    __Vectors                                0x08000000   Data           4  startup_stm32f411xe.o(RESET)
    __Vectors_End                            0x08000198   Data           0  startup_stm32f411xe.o(RESET)
    __main                                   0x08000199   Thumb Code     0  entry.o(.ARM.Collect$$$$00000000)
    _main_stk                                0x08000199   Thumb Code     0  entry2.o(.ARM.Collect$$$$00000001)
    _main_scatterload                        0x0800019d   Thumb Code     0  entry5.o(.ARM.Collect$$$$00000004)
    __main_after_scatterload                 0x080001a1   Thumb Code     0  entry5.o(.ARM.Collect$$$$00000004)
    _main_clock                              0x080001a1   Thumb Code     0  entry7b.o(.ARM.Collect$$$$00000008)
    _main_cpp_init                           0x080001a1   Thumb Code     0  entry8b.o(.ARM.Collect$$$$0000000A)
    _main_init                               0x080001a1   Thumb Code     0  entry9a.o(.ARM.Collect$$$$0000000B)
    __rt_final_cpp                           0x080001a9   Thumb Code     0  entry10a.o(.ARM.Collect$$$$0000000D)
    __rt_final_exit                          0x080001a9   Thumb Code     0  entry11a.o(.ARM.Collect$$$$0000000F)
    Reset_Handler                            0x080001ad   Thumb Code     8  startup_stm32f411xe.o(.text)
    ADC_IRQHandler                           0x080001c7   Thumb Code     0  startup_stm32f411xe.o(.text)
    DMA1_Stream0_IRQHandler                  0x080001c7   Thumb Code     0  startup_stm32f411xe.o(.text)
    DMA1_Stream1_IRQHandler                  0x080001c7   Thumb Code     0  startup_stm32f411xe.o(.text)
    DMA1_Stream2_IRQHandler                  0x080001c7   Thumb Code     0  startup_stm32f411xe.o(.text)
    DMA1_Stream3_IRQHandler                  0x080001c7   Thumb Code     0  startup_stm32f411xe.o(.text)
    DMA1_Stream4_IRQHandler                  0x080001c7   Thumb Code     0  startup_stm32f411xe.o(.text)
    DMA1_Stream5_IRQHandler                  0x080001c7   Thumb Code     0  startup_stm32f411xe.o(.text)
    DMA1_Stream6_IRQHandler                  0x080001c7   Thumb Code     0  startup_stm32f411xe.o(.text)
    DMA1_Stream7_IRQHandler                  0x080001c7   Thumb Code     0  startup_stm32f411xe.o(.text)
    DMA2_Stream0_IRQHandler                  0x080001c7   Thumb Code     0  startup_stm32f411xe.o(.text)
    DMA2_Stream1_IRQHandler                  0x080001c7   Thumb Code     0  startup_stm32f411xe.o(.text)
    DMA2_Stream2_IRQHandler                  0x080001c7   Thumb Code     0  startup_stm32f411xe.o(.text)
    DMA2_Stream3_IRQHandler                  0x080001c7   Thumb Code     0  startup_stm32f411xe.o(.text)
    DMA2_Stream4_IRQHandler                  0x080001c7   Thumb Code     0  startup_stm32f411xe.o(.text)
    DMA2_Stream5_IRQHandler                  0x080001c7   Thumb Code     0  startup_stm32f411xe.o(.text)
    DMA2_Stream6_IRQHandler                  0x080001c7   Thumb Code     0  startup_stm32f411xe.o(.text)
    DMA2_Stream7_IRQHandler                  0x080001c7   Thumb Code     0  startup_stm32f411xe.o(.text)
    EXTI0_IRQHandler                         0x080001c7   Thumb Code     0  startup_stm32f411xe.o(.text)
    EXTI15_10_IRQHandler                     0x080001c7   Thumb Code     0  startup_stm32f411xe.o(.text)
    EXTI1_IRQHandler                         0x080001c7   Thumb Code     0  startup_stm32f411xe.o(.text)
    EXTI2_IRQHandler                         0x080001c7   Thumb Code     0  startup_stm32f411xe.o(.text)
    EXTI3_IRQHandler                         0x080001c7   Thumb Code     0  startup_stm32f411xe.o(.text)
    EXTI4_IRQHandler                         0x080001c7   Thumb Code     0  startup_stm32f411xe.o(.text)
    EXTI9_5_IRQHandler                       0x080001c7   Thumb Code     0  startup_stm32f411xe.o(.text)
    FLASH_IRQHandler                         0x080001c7   Thumb Code     0  startup_stm32f411xe.o(.text)
    FPU_IRQHandler                           0x080001c7   Thumb Code     0  startup_stm32f411xe.o(.text)
    I2C1_ER_IRQHandler                       0x080001c7   Thumb Code     0  startup_stm32f411xe.o(.text)
    I2C1_EV_IRQHandler                       0x080001c7   Thumb Code     0  startup_stm32f411xe.o(.text)
    I2C2_ER_IRQHandler                       0x080001c7   Thumb Code     0  startup_stm32f411xe.o(.text)
    I2C2_EV_IRQHandler                       0x080001c7   Thumb Code     0  startup_stm32f411xe.o(.text)
    I2C3_ER_IRQHandler                       0x080001c7   Thumb Code     0  startup_stm32f411xe.o(.text)
    I2C3_EV_IRQHandler                       0x080001c7   Thumb Code     0  startup_stm32f411xe.o(.text)
    OTG_FS_IRQHandler                        0x080001c7   Thumb Code     0  startup_stm32f411xe.o(.text)
    OTG_FS_WKUP_IRQHandler                   0x080001c7   Thumb Code     0  startup_stm32f411xe.o(.text)
    PVD_IRQHandler                           0x080001c7   Thumb Code     0  startup_stm32f411xe.o(.text)
    RCC_IRQHandler                           0x080001c7   Thumb Code     0  startup_stm32f411xe.o(.text)
    RTC_Alarm_IRQHandler                     0x080001c7   Thumb Code     0  startup_stm32f411xe.o(.text)
    RTC_WKUP_IRQHandler                      0x080001c7   Thumb Code     0  startup_stm32f411xe.o(.text)
    SDIO_IRQHandler                          0x080001c7   Thumb Code     0  startup_stm32f411xe.o(.text)
    SPI1_IRQHandler                          0x080001c7   Thumb Code     0  startup_stm32f411xe.o(.text)
    SPI2_IRQHandler                          0x080001c7   Thumb Code     0  startup_stm32f411xe.o(.text)
    SPI3_IRQHandler                          0x080001c7   Thumb Code     0  startup_stm32f411xe.o(.text)
    SPI4_IRQHandler                          0x080001c7   Thumb Code     0  startup_stm32f411xe.o(.text)
    SPI5_IRQHandler                          0x080001c7   Thumb Code     0  startup_stm32f411xe.o(.text)
    TAMP_STAMP_IRQHandler                    0x080001c7   Thumb Code     0  startup_stm32f411xe.o(.text)
    TIM1_BRK_TIM9_IRQHandler                 0x080001c7   Thumb Code     0  startup_stm32f411xe.o(.text)
    TIM1_CC_IRQHandler                       0x080001c7   Thumb Code     0  startup_stm32f411xe.o(.text)
    TIM1_TRG_COM_TIM11_IRQHandler            0x080001c7   Thumb Code     0  startup_stm32f411xe.o(.text)
    TIM1_UP_TIM10_IRQHandler                 0x080001c7   Thumb Code     0  startup_stm32f411xe.o(.text)
    TIM3_IRQHandler                          0x080001c7   Thumb Code     0  startup_stm32f411xe.o(.text)
    TIM4_IRQHandler                          0x080001c7   Thumb Code     0  startup_stm32f411xe.o(.text)
    TIM5_IRQHandler                          0x080001c7   Thumb Code     0  startup_stm32f411xe.o(.text)
    USART1_IRQHandler                        0x080001c7   Thumb Code     0  startup_stm32f411xe.o(.text)
    USART2_IRQHandler                        0x080001c7   Thumb Code     0  startup_stm32f411xe.o(.text)
    USART6_IRQHandler                        0x080001c7   Thumb Code     0  startup_stm32f411xe.o(.text)
    WWDG_IRQHandler                          0x080001c7   Thumb Code     0  startup_stm32f411xe.o(.text)
    NVIC_PriorityGroupConfig                 0x080001d1   Thumb Code    10  misc.o(.text)
    NVIC_Init                                0x080001db   Thumb Code    96  misc.o(.text)
    NVIC_SetVectorTable                      0x0800023b   Thumb Code    14  misc.o(.text)
    NVIC_SystemLPConfig                      0x08000249   Thumb Code    20  misc.o(.text)
    SysTick_CLKSourceConfig                  0x0800025d   Thumb Code    24  misc.o(.text)
    RCC_DeInit                               0x08000281   Thumb Code    68  stm32f4xx_rcc.o(.text)
    RCC_HSEConfig                            0x080002c5   Thumb Code    12  stm32f4xx_rcc.o(.text)
    RCC_GetFlagStatus                        0x080002d1   Thumb Code    46  stm32f4xx_rcc.o(.text)
    RCC_WaitForHSEStartUp                    0x080002ff   Thumb Code    44  stm32f4xx_rcc.o(.text)
    RCC_AdjustHSICalibrationValue            0x0800032b   Thumb Code    16  stm32f4xx_rcc.o(.text)
    RCC_HSICmd                               0x0800033b   Thumb Code     6  stm32f4xx_rcc.o(.text)
    RCC_LSEConfig                            0x08000341   Thumb Code    24  stm32f4xx_rcc.o(.text)
    RCC_LSICmd                               0x08000359   Thumb Code     6  stm32f4xx_rcc.o(.text)
    RCC_PLLConfig                            0x0800035f   Thumb Code    32  stm32f4xx_rcc.o(.text)
    RCC_PLLCmd                               0x0800037f   Thumb Code     6  stm32f4xx_rcc.o(.text)
    RCC_PLLI2SConfig                         0x08000385   Thumb Code    16  stm32f4xx_rcc.o(.text)
    RCC_PLLI2SCmd                            0x08000395   Thumb Code     6  stm32f4xx_rcc.o(.text)
    RCC_PLLSAIConfig                         0x0800039b   Thumb Code    18  stm32f4xx_rcc.o(.text)
    RCC_PLLSAICmd                            0x080003ad   Thumb Code     6  stm32f4xx_rcc.o(.text)
    RCC_ClockSecuritySystemCmd               0x080003b3   Thumb Code     6  stm32f4xx_rcc.o(.text)
    RCC_MCO1Config                           0x080003b9   Thumb Code    18  stm32f4xx_rcc.o(.text)
    RCC_MCO2Config                           0x080003cb   Thumb Code    18  stm32f4xx_rcc.o(.text)
    RCC_SYSCLKConfig                         0x080003dd   Thumb Code    16  stm32f4xx_rcc.o(.text)
    RCC_GetSYSCLKSource                      0x080003ed   Thumb Code    12  stm32f4xx_rcc.o(.text)
    RCC_HCLKConfig                           0x080003f9   Thumb Code    16  stm32f4xx_rcc.o(.text)
    RCC_PCLK1Config                          0x08000409   Thumb Code    16  stm32f4xx_rcc.o(.text)
    RCC_PCLK2Config                          0x08000419   Thumb Code    18  stm32f4xx_rcc.o(.text)
    RCC_GetClocksFreq                        0x0800042b   Thumb Code   134  stm32f4xx_rcc.o(.text)
    RCC_RTCCLKConfig                         0x080004b1   Thumb Code    42  stm32f4xx_rcc.o(.text)
    RCC_RTCCLKCmd                            0x080004db   Thumb Code     8  stm32f4xx_rcc.o(.text)
    RCC_BackupResetCmd                       0x080004e3   Thumb Code     8  stm32f4xx_rcc.o(.text)
    RCC_I2SCLKConfig                         0x080004eb   Thumb Code     8  stm32f4xx_rcc.o(.text)
    RCC_SAIBlockACLKConfig                   0x080004f3   Thumb Code    16  stm32f4xx_rcc.o(.text)
    RCC_SAIBlockBCLKConfig                   0x08000503   Thumb Code    16  stm32f4xx_rcc.o(.text)
    RCC_SAIPLLI2SClkDivConfig                0x08000513   Thumb Code    18  stm32f4xx_rcc.o(.text)
    RCC_SAIPLLSAIClkDivConfig                0x08000525   Thumb Code    24  stm32f4xx_rcc.o(.text)
    RCC_LTDCCLKDivConfig                     0x0800053d   Thumb Code    16  stm32f4xx_rcc.o(.text)
    RCC_TIMCLKPresConfig                     0x0800054d   Thumb Code     8  stm32f4xx_rcc.o(.text)
    RCC_AHB1PeriphClockCmd                   0x08000555   Thumb Code    20  stm32f4xx_rcc.o(.text)
    RCC_AHB2PeriphClockCmd                   0x08000569   Thumb Code    20  stm32f4xx_rcc.o(.text)
    RCC_APB1PeriphClockCmd                   0x0800057d   Thumb Code    20  stm32f4xx_rcc.o(.text)
    RCC_APB2PeriphClockCmd                   0x08000591   Thumb Code    20  stm32f4xx_rcc.o(.text)
    RCC_AHB1PeriphResetCmd                   0x080005a5   Thumb Code    20  stm32f4xx_rcc.o(.text)
    RCC_AHB2PeriphResetCmd                   0x080005b9   Thumb Code    20  stm32f4xx_rcc.o(.text)
    RCC_APB1PeriphResetCmd                   0x080005cd   Thumb Code    20  stm32f4xx_rcc.o(.text)
    RCC_APB2PeriphResetCmd                   0x080005e1   Thumb Code    20  stm32f4xx_rcc.o(.text)
    RCC_AHB1PeriphClockLPModeCmd             0x080005f5   Thumb Code    20  stm32f4xx_rcc.o(.text)
    RCC_AHB2PeriphClockLPModeCmd             0x08000609   Thumb Code    20  stm32f4xx_rcc.o(.text)
    RCC_APB1PeriphClockLPModeCmd             0x0800061d   Thumb Code    20  stm32f4xx_rcc.o(.text)
    RCC_APB2PeriphClockLPModeCmd             0x08000631   Thumb Code    20  stm32f4xx_rcc.o(.text)
    RCC_LSEModeConfig                        0x08000645   Thumb Code    68  stm32f4xx_rcc.o(.text)
    RCC_ITConfig                             0x08000689   Thumb Code    18  stm32f4xx_rcc.o(.text)
    RCC_ClearFlag                            0x0800069b   Thumb Code    14  stm32f4xx_rcc.o(.text)
    RCC_GetITStatus                          0x080006a9   Thumb Code    18  stm32f4xx_rcc.o(.text)
    RCC_ClearITPendingBit                    0x080006bb   Thumb Code     8  stm32f4xx_rcc.o(.text)
    GPIO_DeInit                              0x080006c9   Thumb Code   216  stm32f4xx_gpio.o(.text)
    GPIO_Init                                0x080007a1   Thumb Code   120  stm32f4xx_gpio.o(.text)
    GPIO_StructInit                          0x08000819   Thumb Code    18  stm32f4xx_gpio.o(.text)
    GPIO_PinLockConfig                       0x0800082b   Thumb Code    24  stm32f4xx_gpio.o(.text)
    GPIO_ReadInputDataBit                    0x08000843   Thumb Code    14  stm32f4xx_gpio.o(.text)
    GPIO_ReadInputData                       0x08000851   Thumb Code     6  stm32f4xx_gpio.o(.text)
    GPIO_ReadOutputDataBit                   0x08000857   Thumb Code    14  stm32f4xx_gpio.o(.text)
    GPIO_ReadOutputData                      0x08000865   Thumb Code     6  stm32f4xx_gpio.o(.text)
    GPIO_SetBits                             0x0800086b   Thumb Code     4  stm32f4xx_gpio.o(.text)
    GPIO_ResetBits                           0x0800086f   Thumb Code     4  stm32f4xx_gpio.o(.text)
    GPIO_WriteBit                            0x08000873   Thumb Code    10  stm32f4xx_gpio.o(.text)
    GPIO_Write                               0x0800087d   Thumb Code     4  stm32f4xx_gpio.o(.text)
    GPIO_ToggleBits                          0x08000881   Thumb Code     8  stm32f4xx_gpio.o(.text)
    GPIO_PinAFConfig                         0x08000889   Thumb Code    32  stm32f4xx_gpio.o(.text)
    SPI_I2S_DeInit                           0x080008d5   Thumb Code   108  stm32f4xx_spi.o(.text)
    SPI_Init                                 0x08000941   Thumb Code    56  stm32f4xx_spi.o(.text)
    I2S_Init                                 0x08000979   Thumb Code   198  stm32f4xx_spi.o(.text)
    SPI_StructInit                           0x08000a3f   Thumb Code    24  stm32f4xx_spi.o(.text)
    I2S_StructInit                           0x08000a57   Thumb Code    18  stm32f4xx_spi.o(.text)
    SPI_Cmd                                  0x08000a69   Thumb Code    20  stm32f4xx_spi.o(.text)
    I2S_Cmd                                  0x08000a7d   Thumb Code    20  stm32f4xx_spi.o(.text)
    SPI_DataSizeConfig                       0x08000a91   Thumb Code    16  stm32f4xx_spi.o(.text)
    SPI_BiDirectionalLineConfig              0x08000aa1   Thumb Code    22  stm32f4xx_spi.o(.text)
    SPI_NSSInternalSoftwareConfig            0x08000ab7   Thumb Code    24  stm32f4xx_spi.o(.text)
    SPI_SSOutputCmd                          0x08000acf   Thumb Code    20  stm32f4xx_spi.o(.text)
    SPI_TIModeCmd                            0x08000ae3   Thumb Code    20  stm32f4xx_spi.o(.text)
    I2S_FullDuplexConfig                     0x08000af7   Thumb Code    58  stm32f4xx_spi.o(.text)
    SPI_I2S_ReceiveData                      0x08000b31   Thumb Code     4  stm32f4xx_spi.o(.text)
    SPI_I2S_SendData                         0x08000b35   Thumb Code     4  stm32f4xx_spi.o(.text)
    SPI_CalculateCRC                         0x08000b39   Thumb Code    20  stm32f4xx_spi.o(.text)
    SPI_TransmitCRC                          0x08000b4d   Thumb Code    10  stm32f4xx_spi.o(.text)
    SPI_GetCRC                               0x08000b57   Thumb Code    12  stm32f4xx_spi.o(.text)
    SPI_GetCRCPolynomial                     0x08000b63   Thumb Code     4  stm32f4xx_spi.o(.text)
    SPI_I2S_DMACmd                           0x08000b67   Thumb Code    16  stm32f4xx_spi.o(.text)
    SPI_I2S_ITConfig                         0x08000b77   Thumb Code    24  stm32f4xx_spi.o(.text)
    SPI_I2S_GetFlagStatus                    0x08000b8f   Thumb Code    14  stm32f4xx_spi.o(.text)
    SPI_I2S_ClearFlag                        0x08000b9d   Thumb Code     6  stm32f4xx_spi.o(.text)
    SPI_I2S_GetITStatus                      0x08000ba3   Thumb Code    44  stm32f4xx_spi.o(.text)
    SPI_I2S_ClearITPendingBit                0x08000bcf   Thumb Code    14  stm32f4xx_spi.o(.text)
    TIM_DeInit                               0x08000c01   Thumb Code   284  stm32f4xx_tim.o(.text)
    TIM_TimeBaseInit                         0x08000d1d   Thumb Code    96  stm32f4xx_tim.o(.text)
    TIM_TimeBaseStructInit                   0x08000d7d   Thumb Code    18  stm32f4xx_tim.o(.text)
    TIM_PrescalerConfig                      0x08000d8f   Thumb Code     6  stm32f4xx_tim.o(.text)
    TIM_CounterModeConfig                    0x08000d95   Thumb Code    12  stm32f4xx_tim.o(.text)
    TIM_SetCounter                           0x08000da1   Thumb Code     4  stm32f4xx_tim.o(.text)
    TIM_SetAutoreload                        0x08000da5   Thumb Code     4  stm32f4xx_tim.o(.text)
    TIM_GetCounter                           0x08000da9   Thumb Code     4  stm32f4xx_tim.o(.text)
    TIM_GetPrescaler                         0x08000dad   Thumb Code     4  stm32f4xx_tim.o(.text)
    TIM_UpdateDisableConfig                  0x08000db1   Thumb Code    20  stm32f4xx_tim.o(.text)
    TIM_UpdateRequestConfig                  0x08000dc5   Thumb Code    20  stm32f4xx_tim.o(.text)
    TIM_ARRPreloadConfig                     0x08000dd9   Thumb Code    20  stm32f4xx_tim.o(.text)
    TIM_SelectOnePulseMode                   0x08000ded   Thumb Code    16  stm32f4xx_tim.o(.text)
    TIM_SetClockDivision                     0x08000dfd   Thumb Code    16  stm32f4xx_tim.o(.text)
    TIM_Cmd                                  0x08000e0d   Thumb Code    20  stm32f4xx_tim.o(.text)
    TIM_OC1Init                              0x08000e21   Thumb Code    88  stm32f4xx_tim.o(.text)
    TIM_OC2Init                              0x08000e79   Thumb Code   120  stm32f4xx_tim.o(.text)
    TIM_OC3Init                              0x08000ef1   Thumb Code   116  stm32f4xx_tim.o(.text)
    TIM_OC4Init                              0x08000f65   Thumb Code    88  stm32f4xx_tim.o(.text)
    TIM_OCStructInit                         0x08000fbd   Thumb Code    20  stm32f4xx_tim.o(.text)
    TIM_SelectOCxM                           0x08000fd1   Thumb Code   130  stm32f4xx_tim.o(.text)
    TIM_SetCompare1                          0x08001053   Thumb Code     4  stm32f4xx_tim.o(.text)
    TIM_SetCompare2                          0x08001057   Thumb Code     4  stm32f4xx_tim.o(.text)
    TIM_SetCompare3                          0x0800105b   Thumb Code     4  stm32f4xx_tim.o(.text)
    TIM_SetCompare4                          0x0800105f   Thumb Code     4  stm32f4xx_tim.o(.text)
    TIM_ForcedOC1Config                      0x08001063   Thumb Code    12  stm32f4xx_tim.o(.text)
    TIM_ForcedOC2Config                      0x0800106f   Thumb Code    20  stm32f4xx_tim.o(.text)
    TIM_ForcedOC3Config                      0x08001083   Thumb Code    12  stm32f4xx_tim.o(.text)
    TIM_ForcedOC4Config                      0x0800108f   Thumb Code    20  stm32f4xx_tim.o(.text)
    TIM_OC1PreloadConfig                     0x080010a3   Thumb Code    12  stm32f4xx_tim.o(.text)
    TIM_OC2PreloadConfig                     0x080010af   Thumb Code    20  stm32f4xx_tim.o(.text)
    TIM_OC3PreloadConfig                     0x080010c3   Thumb Code    12  stm32f4xx_tim.o(.text)
    TIM_OC4PreloadConfig                     0x080010cf   Thumb Code    20  stm32f4xx_tim.o(.text)
    TIM_OC1FastConfig                        0x080010e3   Thumb Code    12  stm32f4xx_tim.o(.text)
    TIM_OC2FastConfig                        0x080010ef   Thumb Code    20  stm32f4xx_tim.o(.text)
    TIM_OC3FastConfig                        0x08001103   Thumb Code    12  stm32f4xx_tim.o(.text)
    TIM_OC4FastConfig                        0x0800110f   Thumb Code    20  stm32f4xx_tim.o(.text)
    TIM_ClearOC1Ref                          0x08001123   Thumb Code    12  stm32f4xx_tim.o(.text)
    TIM_ClearOC2Ref                          0x0800112f   Thumb Code    20  stm32f4xx_tim.o(.text)
    TIM_ClearOC3Ref                          0x08001143   Thumb Code    12  stm32f4xx_tim.o(.text)
    TIM_ClearOC4Ref                          0x0800114f   Thumb Code    20  stm32f4xx_tim.o(.text)
    TIM_OC1PolarityConfig                    0x08001163   Thumb Code    12  stm32f4xx_tim.o(.text)
    TIM_OC1NPolarityConfig                   0x0800116f   Thumb Code    12  stm32f4xx_tim.o(.text)
    TIM_OC2PolarityConfig                    0x0800117b   Thumb Code    20  stm32f4xx_tim.o(.text)
    TIM_OC2NPolarityConfig                   0x0800118f   Thumb Code    20  stm32f4xx_tim.o(.text)
    TIM_OC3PolarityConfig                    0x080011a3   Thumb Code    20  stm32f4xx_tim.o(.text)
    TIM_OC3NPolarityConfig                   0x080011b7   Thumb Code    20  stm32f4xx_tim.o(.text)
    TIM_OC4PolarityConfig                    0x080011cb   Thumb Code    20  stm32f4xx_tim.o(.text)
    TIM_CCxCmd                               0x080011df   Thumb Code    22  stm32f4xx_tim.o(.text)
    TIM_CCxNCmd                              0x080011f5   Thumb Code    22  stm32f4xx_tim.o(.text)
    TIM_SetIC4Prescaler                      0x0800120b   Thumb Code    24  stm32f4xx_tim.o(.text)
    TIM_SetIC3Prescaler                      0x08001223   Thumb Code    16  stm32f4xx_tim.o(.text)
    TIM_SetIC2Prescaler                      0x08001233   Thumb Code    24  stm32f4xx_tim.o(.text)
    TIM_SetIC1Prescaler                      0x08001281   Thumb Code    16  stm32f4xx_tim.o(.text)
    TIM_ICInit                               0x08001291   Thumb Code   164  stm32f4xx_tim.o(.text)
    TIM_ICStructInit                         0x08001335   Thumb Code    16  stm32f4xx_tim.o(.text)
    TIM_PWMIConfig                           0x08001345   Thumb Code   104  stm32f4xx_tim.o(.text)
    TIM_GetCapture1                          0x080013ad   Thumb Code     4  stm32f4xx_tim.o(.text)
    TIM_GetCapture2                          0x080013b1   Thumb Code     4  stm32f4xx_tim.o(.text)
    TIM_GetCapture3                          0x080013b5   Thumb Code     4  stm32f4xx_tim.o(.text)
    TIM_GetCapture4                          0x080013b9   Thumb Code     4  stm32f4xx_tim.o(.text)
    TIM_BDTRConfig                           0x080013bd   Thumb Code    34  stm32f4xx_tim.o(.text)
    TIM_BDTRStructInit                       0x080013df   Thumb Code    18  stm32f4xx_tim.o(.text)
    TIM_CtrlPWMOutputs                       0x080013f1   Thumb Code    22  stm32f4xx_tim.o(.text)
    TIM_SelectCOM                            0x08001407   Thumb Code    20  stm32f4xx_tim.o(.text)
    TIM_CCPreloadControl                     0x0800141b   Thumb Code    20  stm32f4xx_tim.o(.text)
    TIM_ITConfig                             0x0800142f   Thumb Code    16  stm32f4xx_tim.o(.text)
    TIM_GenerateEvent                        0x0800143f   Thumb Code     4  stm32f4xx_tim.o(.text)
    TIM_GetFlagStatus                        0x08001443   Thumb Code    14  stm32f4xx_tim.o(.text)
    TIM_ClearFlag                            0x08001451   Thumb Code     6  stm32f4xx_tim.o(.text)
    TIM_GetITStatus                          0x08001457   Thumb Code    24  stm32f4xx_tim.o(.text)
    TIM_ClearITPendingBit                    0x0800146f   Thumb Code     6  stm32f4xx_tim.o(.text)
    TIM_DMAConfig                            0x08001475   Thumb Code     8  stm32f4xx_tim.o(.text)
    TIM_DMACmd                               0x0800147d   Thumb Code    16  stm32f4xx_tim.o(.text)
    TIM_SelectCCDMA                          0x0800148d   Thumb Code    20  stm32f4xx_tim.o(.text)
    TIM_InternalClockConfig                  0x080014a1   Thumb Code    10  stm32f4xx_tim.o(.text)
    TIM_SelectInputTrigger                   0x080014ab   Thumb Code    12  stm32f4xx_tim.o(.text)
    TIM_ITRxExternalClockConfig              0x080014b7   Thumb Code    18  stm32f4xx_tim.o(.text)
    TIM_TIxExternalClockConfig               0x080014c9   Thumb Code    46  stm32f4xx_tim.o(.text)
    TIM_ETRConfig                            0x080014f7   Thumb Code    24  stm32f4xx_tim.o(.text)
    TIM_ETRClockMode1Config                  0x0800150f   Thumb Code    18  stm32f4xx_tim.o(.text)
    TIM_ETRClockMode2Config                  0x08001521   Thumb Code    18  stm32f4xx_tim.o(.text)
    TIM_SelectOutputTrigger                  0x08001533   Thumb Code    16  stm32f4xx_tim.o(.text)
    TIM_SelectSlaveMode                      0x08001543   Thumb Code    16  stm32f4xx_tim.o(.text)
    TIM_SelectMasterSlaveMode                0x08001553   Thumb Code    16  stm32f4xx_tim.o(.text)
    TIM_EncoderInterfaceConfig               0x08001563   Thumb Code    50  stm32f4xx_tim.o(.text)
    TIM_SelectHallSensor                     0x08001595   Thumb Code    20  stm32f4xx_tim.o(.text)
    TIM_RemapConfig                          0x080015a9   Thumb Code     6  stm32f4xx_tim.o(.text)
    Delay_Decrement                          0x080015dd   Thumb Code     6  main.o(.text)
    InitPinLED                               0x080015e3   Thumb Code    46  main.o(.text)
    InitInput                                0x08001611   Thumb Code    46  main.o(.text)
    HSEInit                                  0x0800163f   Thumb Code    34  main.o(.text)
    PLLInit                                  0x08001661   Thumb Code    46  main.o(.text)
    CS_PB3_Init                              0x0800168f   Thumb Code    58  main.o(.text)
    SPI1_Master_init                         0x080016c9   Thumb Code   142  main.o(.text)
    InitializeTimer                          0x08001757   Thumb Code    68  main.o(.text)
    EnableTimerInterrupt                     0x0800179b   Thumb Code    32  main.o(.text)
    SPI1_send                                0x080017bb   Thumb Code    22  main.o(.text)
    createSine_Array                         0x080017d1   Thumb Code    98  main.o(.text)
    main                                     0x08001833   Thumb Code    46  main.o(.text)
    TIM2_IRQHandler                          0x08001861   Thumb Code    68  main.o(.text)
    NMI_Handler                              0x080018d1   Thumb Code     2  stm32f4xx_it.o(.text)
    HardFault_Handler                        0x080018d3   Thumb Code     2  stm32f4xx_it.o(.text)
    MemManage_Handler                        0x080018d5   Thumb Code     2  stm32f4xx_it.o(.text)
    BusFault_Handler                         0x080018d7   Thumb Code     2  stm32f4xx_it.o(.text)
    UsageFault_Handler                       0x080018d9   Thumb Code     2  stm32f4xx_it.o(.text)
    SVC_Handler                              0x080018db   Thumb Code     2  stm32f4xx_it.o(.text)
    DebugMon_Handler                         0x080018dd   Thumb Code     2  stm32f4xx_it.o(.text)
    PendSV_Handler                           0x080018df   Thumb Code     2  stm32f4xx_it.o(.text)
    TimingDelay_Decrement                    0x080018e1   Thumb Code     2  stm32f4xx_it.o(.text)
    SysTick_Handler                          0x080018e3   Thumb Code     8  stm32f4xx_it.o(.text)
    SystemInit                               0x080018ed   Thumb Code    74  system_stm32f4xx.o(.text)
    SystemCoreClockUpdate                    0x08001937   Thumb Code   102  system_stm32f4xx.o(.text)
    __aeabi_dmul                             0x08001a65   Thumb Code   228  dmul.o(.text)
    __aeabi_f2d                              0x08001b49   Thumb Code    38  f2d.o(.text)
    __aeabi_d2f                              0x08001b6f   Thumb Code    56  d2f.o(.text)
    __I$use$fp                               0x08001ba7   Thumb Code     0  iusefp.o(.text)
    _float_round                             0x08001ba7   Thumb Code    18  fepilogue.o(.text)
    _float_epilogue                          0x08001bb9   Thumb Code    92  fepilogue.o(.text)
    _double_round                            0x08001c15   Thumb Code    30  depilogue.o(.text)
    _double_epilogue                         0x08001c33   Thumb Code   156  depilogue.o(.text)
    __scatterload                            0x08001cd1   Thumb Code    28  init.o(.text)
    __scatterload_rt2                        0x08001cd1   Thumb Code     0  init.o(.text)
    __aeabi_llsl                             0x08001cf5   Thumb Code    30  llshl.o(.text)
    _ll_shift_l                              0x08001cf5   Thumb Code     0  llshl.o(.text)
    __aeabi_llsr                             0x08001d13   Thumb Code    32  llushr.o(.text)
    _ll_ushift_r                             0x08001d13   Thumb Code     0  llushr.o(.text)
    __aeabi_dadd                             0x08001d33   Thumb Code   322  dadd.o(.text)
    __aeabi_dsub                             0x08001e75   Thumb Code     6  dadd.o(.text)
    __aeabi_drsub                            0x08001e7b   Thumb Code     6  dadd.o(.text)
    __aeabi_ddiv                             0x08001e81   Thumb Code   222  ddiv.o(.text)
    __aeabi_i2d                              0x08001f5f   Thumb Code    34  dflti.o(.text)
    __aeabi_ui2d                             0x08001f81   Thumb Code    26  dfltui.o(.text)
    __aeabi_d2iz                             0x08001f9b   Thumb Code    62  dfixi.o(.text)
    __aeabi_lasr                             0x08001fd9   Thumb Code    36  llsshr.o(.text)
    _ll_sshift_r                             0x08001fd9   Thumb Code     0  llsshr.o(.text)
    __ARM_fpclassify                         0x08001ffd   Thumb Code    48  fpclassify.o(i.__ARM_fpclassify)
    __hardfp_sin                             0x08002031   Thumb Code   180  sin.o(i.__hardfp_sin)
    __ieee754_rem_pio2                       0x080020f9   Thumb Code   938  rred.o(i.__ieee754_rem_pio2)
    __kernel_cos                             0x08002531   Thumb Code   322  cos_i.o(i.__kernel_cos)
    __kernel_poly                            0x080026a1   Thumb Code   248  poly.o(i.__kernel_poly)
    __kernel_sin                             0x08002799   Thumb Code   280  sin_i.o(i.__kernel_sin)
    __mathlib_dbl_infnan                     0x080028c9   Thumb Code    20  dunder.o(i.__mathlib_dbl_infnan)
    __mathlib_dbl_invalid                    0x080028e1   Thumb Code    24  dunder.o(i.__mathlib_dbl_invalid)
    __mathlib_dbl_underflow                  0x08002901   Thumb Code    24  dunder.o(i.__mathlib_dbl_underflow)
    __scatterload_copy                       0x08002921   Thumb Code    14  handlers.o(i.__scatterload_copy)
    __scatterload_null                       0x0800292f   Thumb Code     2  handlers.o(i.__scatterload_null)
    __scatterload_zeroinit                   0x08002931   Thumb Code    14  handlers.o(i.__scatterload_zeroinit)
    __set_errno                              0x08002941   Thumb Code     6  errno.o(i.__set_errno)
    fabs                                     0x0800294d   Thumb Code    24  fabs.o(i.fabs)
    Region$$Table$$Base                      0x08002a88   Number         0  anon$$obj.o(Region$$Table)
    Region$$Table$$Limit                     0x08002aa8   Number         0  anon$$obj.o(Region$$Table)
    SystemCoreClock                          0x20000014   Data           4  system_stm32f4xx.o(.data)
    AHBPrescTable                            0x20000018   Data          16  system_stm32f4xx.o(.data)
    __initial_sp                             0x20001430   Data           0  startup_stm32f411xe.o(STACK)



==============================================================================

Memory Map of the image

  Image Entry point : 0x08000199

  Load Region LR_IROM1 (Base: 0x08000000, Size: 0x00002ad4, Max: 0x00080000, ABSOLUTE)

    Execution Region ER_IROM1 (Base: 0x08000000, Size: 0x00002aa8, Max: 0x00080000, ABSOLUTE)

    Base Addr    Size         Type   Attr      Idx    E Section Name        Object

    0x08000000   0x00000198   Data   RO            3    RESET               startup_stm32f411xe.o
    0x08000198   0x00000000   Code   RO          321  * .ARM.Collect$$$$00000000  mc_w.l(entry.o)
    0x08000198   0x00000004   Code   RO          358    .ARM.Collect$$$$00000001  mc_w.l(entry2.o)
    0x0800019c   0x00000004   Code   RO          361    .ARM.Collect$$$$00000004  mc_w.l(entry5.o)
    0x080001a0   0x00000000   Code   RO          363    .ARM.Collect$$$$00000008  mc_w.l(entry7b.o)
    0x080001a0   0x00000000   Code   RO          365    .ARM.Collect$$$$0000000A  mc_w.l(entry8b.o)
    0x080001a0   0x00000008   Code   RO          366    .ARM.Collect$$$$0000000B  mc_w.l(entry9a.o)
    0x080001a8   0x00000000   Code   RO          368    .ARM.Collect$$$$0000000D  mc_w.l(entry10a.o)
    0x080001a8   0x00000000   Code   RO          370    .ARM.Collect$$$$0000000F  mc_w.l(entry11a.o)
    0x080001a8   0x00000004   Code   RO          359    .ARM.Collect$$$$00002712  mc_w.l(entry2.o)
    0x080001ac   0x00000024   Code   RO            4    .text               startup_stm32f411xe.o
    0x080001d0   0x000000b0   Code   RO           13    .text               misc.o
    0x08000280   0x00000448   Code   RO          124    .text               stm32f4xx_rcc.o
    0x080006c8   0x0000020c   Code   RO          150    .text               stm32f4xx_gpio.o
    0x080008d4   0x0000032c   Code   RO          174    .text               stm32f4xx_spi.o
    0x08000c00   0x000009dc   Code   RO          198    .text               stm32f4xx_tim.o
    0x080015dc   0x000002f4   Code   RO          223    .text               main.o
    0x080018d0   0x0000001a   Code   RO          255    .text               stm32f4xx_it.o
    0x080018ea   0x00000002   PAD
    0x080018ec   0x00000178   Code   RO          282    .text               system_stm32f4xx.o
    0x08001a64   0x000000e4   Code   RO          324    .text               mf_w.l(dmul.o)
    0x08001b48   0x00000026   Code   RO          326    .text               mf_w.l(f2d.o)
    0x08001b6e   0x00000038   Code   RO          328    .text               mf_w.l(d2f.o)
    0x08001ba6   0x00000000   Code   RO          379    .text               mc_w.l(iusefp.o)
    0x08001ba6   0x0000006e   Code   RO          380    .text               mf_w.l(fepilogue.o)
    0x08001c14   0x000000ba   Code   RO          382    .text               mf_w.l(depilogue.o)
    0x08001cce   0x00000002   PAD
    0x08001cd0   0x00000024   Code   RO          396    .text               mc_w.l(init.o)
    0x08001cf4   0x0000001e   Code   RO          398    .text               mc_w.l(llshl.o)
    0x08001d12   0x00000020   Code   RO          400    .text               mc_w.l(llushr.o)
    0x08001d32   0x0000014e   Code   RO          402    .text               mf_w.l(dadd.o)
    0x08001e80   0x000000de   Code   RO          404    .text               mf_w.l(ddiv.o)
    0x08001f5e   0x00000022   Code   RO          406    .text               mf_w.l(dflti.o)
    0x08001f80   0x0000001a   Code   RO          408    .text               mf_w.l(dfltui.o)
    0x08001f9a   0x0000003e   Code   RO          410    .text               mf_w.l(dfixi.o)
    0x08001fd8   0x00000024   Code   RO          412    .text               mc_w.l(llsshr.o)
    0x08001ffc   0x00000030   Code   RO          392    i.__ARM_fpclassify  m_wm.l(fpclassify.o)
    0x0800202c   0x00000004   PAD
    0x08002030   0x000000c8   Code   RO          309    i.__hardfp_sin      m_wm.l(sin.o)
    0x080020f8   0x00000438   Code   RO          347    i.__ieee754_rem_pio2  m_wm.l(rred.o)
    0x08002530   0x00000170   Code   RO          330    i.__kernel_cos      m_wm.l(cos_i.o)
    0x080026a0   0x000000f8   Code   RO          394    i.__kernel_poly     m_wm.l(poly.o)
    0x08002798   0x00000130   Code   RO          352    i.__kernel_sin      m_wm.l(sin_i.o)
    0x080028c8   0x00000014   Code   RO          334    i.__mathlib_dbl_infnan  m_wm.l(dunder.o)
    0x080028dc   0x00000004   PAD
    0x080028e0   0x00000020   Code   RO          336    i.__mathlib_dbl_invalid  m_wm.l(dunder.o)
    0x08002900   0x00000020   Code   RO          339    i.__mathlib_dbl_underflow  m_wm.l(dunder.o)
    0x08002920   0x0000000e   Code   RO          416    i.__scatterload_copy  mc_w.l(handlers.o)
    0x0800292e   0x00000002   Code   RO          417    i.__scatterload_null  mc_w.l(handlers.o)
    0x08002930   0x0000000e   Code   RO          418    i.__scatterload_zeroinit  mc_w.l(handlers.o)
    0x0800293e   0x00000002   PAD
    0x08002940   0x0000000c   Code   RO          374    i.__set_errno       mc_w.l(errno.o)
    0x0800294c   0x00000018   Code   RO          388    i.fabs              m_wm.l(fabs.o)
    0x08002964   0x00000004   PAD
    0x08002968   0x00000030   Data   RO          331    .constdata          m_wm.l(cos_i.o)
    0x08002998   0x000000c8   Data   RO          349    .constdata          m_wm.l(rred.o)
    0x08002a60   0x00000028   Data   RO          353    .constdata          m_wm.l(sin_i.o)
    0x08002a88   0x00000020   Data   RO          414    Region$$Table       anon$$obj.o


    Execution Region RW_IRAM1 (Base: 0x20000000, Size: 0x00001430, Max: 0x00020000, ABSOLUTE)

    Base Addr    Size         Type   Attr      Idx    E Section Name        Object

    0x20000000   0x00000010   Data   RW          125    .data               stm32f4xx_rcc.o
    0x20000010   0x00000002   Data   RW          225    .data               main.o
    0x20000012   0x00000002   PAD
    0x20000014   0x00000014   Data   RW          283    .data               system_stm32f4xx.o
    0x20000028   0x00000004   Data   RW          375    .data               mc_w.l(errno.o)
    0x2000002c   0x00001000   Zero   RW          224    .bss                main.o
    0x2000102c   0x00000004   PAD
    0x20001030   0x00000400   Zero   RW            1    STACK               startup_stm32f411xe.o


==============================================================================

Image component sizes


      Code (inc. data)   RO Data    RW Data    ZI Data      Debug   Object Name

       756         44          0          2       4096       3735   main.o
       176         12          0          0          0     260457   misc.o
        36          8        408          0       1024       1016   startup_stm32f411xe.o
       524         44          0          0          0       4793   stm32f4xx_gpio.o
        26          0          0          0          0       1452   stm32f4xx_it.o
      1096         50          0         16          0      13065   stm32f4xx_rcc.o
       812         36          0          0          0       7701   stm32f4xx_spi.o
      2524         52          0          0          0      24322   stm32f4xx_tim.o
       376         42          0         20          0       1939   system_stm32f4xx.o

    ----------------------------------------------------------------------
      6328        288        440         40       5124     318480   Object Totals
         0          0         32          0          0          0   (incl. Generated)
         2          0          0          2          4          0   (incl. Padding)

    ----------------------------------------------------------------------

      Code (inc. data)   RO Data    RW Data    ZI Data      Debug   Library Member Name

       368         46         48          0          0        200   cos_i.o
        84         16          0          0          0        372   dunder.o
        24          0          0          0          0        124   fabs.o
        48          0          0          0          0        124   fpclassify.o
       248          0          0          0          0        152   poly.o
      1080        142        200          0          0        188   rred.o
       200         20          0          0          0        164   sin.o
       304         24         40          0          0        208   sin_i.o
         0          0          0          0          0          0   entry.o
         0          0          0          0          0          0   entry10a.o
         0          0          0          0          0          0   entry11a.o
         8          4          0          0          0          0   entry2.o
         4          0          0          0          0          0   entry5.o
         0          0          0          0          0          0   entry7b.o
         0          0          0          0          0          0   entry8b.o
         8          4          0          0          0          0   entry9a.o
        12          6          0          4          0         68   errno.o
        30          0          0          0          0          0   handlers.o
        36          8          0          0          0         68   init.o
         0          0          0          0          0          0   iusefp.o
        30          0          0          0          0         68   llshl.o
        36          0          0          0          0         68   llsshr.o
        32          0          0          0          0         68   llushr.o
        56          0          0          0          0         88   d2f.o
       334          0          0          0          0        148   dadd.o
       222          0          0          0          0        100   ddiv.o
       186          0          0          0          0        176   depilogue.o
        62          0          0          0          0         80   dfixi.o
        34          0          0          0          0         76   dflti.o
        26          0          0          0          0         76   dfltui.o
       228          0          0          0          0         96   dmul.o
        38          0          0          0          0         68   f2d.o
       110          0          0          0          0        168   fepilogue.o

    ----------------------------------------------------------------------
      3864        270        288          4          0       2948   Library Totals
        16          0          0          0          0          0   (incl. Padding)

    ----------------------------------------------------------------------

      Code (inc. data)   RO Data    RW Data    ZI Data      Debug   Library Name

      2356        248        288          0          0       1532   m_wm.l
       196         22          0          4          0        340   mc_w.l
      1296          0          0          0          0       1076   mf_w.l

    ----------------------------------------------------------------------
      3864        270        288          4          0       2948   Library Totals

    ----------------------------------------------------------------------

==============================================================================


      Code (inc. data)   RO Data    RW Data    ZI Data      Debug   

     10192        558        728         44       5124     317708   Grand Totals
     10192        558        728         44       5124     317708   ELF Image Totals
     10192        558        728         44          0          0   ROM Totals

==============================================================================

    Total RO  Size (Code + RO Data)                10920 (  10.66kB)
    Total RW  Size (RW Data + ZI Data)              5168 (   5.05kB)
    Total ROM Size (Code + RO Data + RW Data)      10964 (  10.71kB)

==============================================================================

